Universe: 518 tickers (current membership — survivorship-biased). Fetching 5y of history (batched)...
Fetched 518/518 tickers in 17.4s. Building feature panel...
Panel: 638,564 ticker-days across 514 tickers, 2021-08-17 to 2026-08-17.
Computing daily cross-sectional IC (12 features x 6 targets)...
Computing regime-conditional IC for reversal features...

Done in 36.6s total.

====================================================================================================
UNCONDITIONAL IC (all days) — sorted by |non-overlapping t-stat| within each target
====================================================================================================

--- target = fwd_ret_1 ---
      feature  mean_ic  n_days  t_stat_naive  mean_ic_nonoverlap  n_nonoverlap  t_stat_nonoverlap
     mom_12_1   0.0257    1001        3.4156              0.0257          1001             3.4156
      ret_126   0.0129    1127        1.8514              0.0129          1127             1.8514
    trend_200   0.0108    1054        1.5066              0.0108          1054             1.5066
        rev_5   0.0063    1248        1.1254              0.0063          1248             1.1254
   dist_20dma  -0.0062    1234       -1.0819             -0.0062          1234            -1.0819
       vol_20   0.0062    1233        0.8796              0.0062          1233             0.8796
dollar_vol_20   0.0022    1234        0.5934              0.0022          1234             0.5934
           wr  -0.0028    1240       -0.5426             -0.0028          1240            -0.5426
       ret_63   0.0033    1190        0.5144              0.0033          1190             0.5144
       ret_21  -0.0026    1232       -0.4486             -0.0026          1232            -0.4486
   dist_50dma   0.0008    1204        0.1259              0.0008          1204             0.1259
          rsi  -0.0004    1239       -0.0702             -0.0004          1239            -0.0702

--- target = fwd_ret_1_mkt ---
      feature  mean_ic  n_days  t_stat_naive  mean_ic_nonoverlap  n_nonoverlap  t_stat_nonoverlap
     mom_12_1   0.0257    1001        3.4156              0.0257          1001             3.4156
      ret_126   0.0129    1127        1.8514              0.0129          1127             1.8514
    trend_200   0.0108    1054        1.5066              0.0108          1054             1.5066
        rev_5   0.0063    1248        1.1254              0.0063          1248             1.1254
   dist_20dma  -0.0062    1234       -1.0819             -0.0062          1234            -1.0819
       vol_20   0.0062    1233        0.8796              0.0062          1233             0.8796
dollar_vol_20   0.0022    1234        0.5934              0.0022          1234             0.5934
           wr  -0.0028    1240       -0.5426             -0.0028          1240            -0.5426
       ret_63   0.0033    1190        0.5144              0.0033          1190             0.5144
       ret_21  -0.0026    1232       -0.4486             -0.0026          1232            -0.4486
   dist_50dma   0.0008    1204        0.1259              0.0008          1204             0.1259
          rsi  -0.0004    1239       -0.0702             -0.0004          1239            -0.0702

--- target = fwd_ret_5 ---
      feature  mean_ic  n_days  t_stat_naive  mean_ic_nonoverlap  n_nonoverlap  t_stat_nonoverlap
     mom_12_1   0.0261     997        3.7121              0.0284           200             1.6949
       vol_20   0.0177    1229        2.5432              0.0215           246             1.4364
           wr  -0.0081    1236       -1.7863             -0.0148           248            -1.4130
        rev_5   0.0095    1244        1.9265              0.0108           249             1.0404
       ret_63  -0.0077    1186       -1.3236             -0.0107           238            -0.8056
      ret_126   0.0074    1123        1.1736              0.0090           225             0.6488
   dist_50dma  -0.0010    1200       -0.1787              0.0073           240             0.5690
    trend_200   0.0055    1050        0.8230              0.0087           210             0.5658
          rsi  -0.0024    1235       -0.4779              0.0059           247             0.5084
       ret_21  -0.0034    1228       -0.6493             -0.0052           246            -0.4599
   dist_20dma  -0.0089    1230       -1.7256             -0.0020           246            -0.1708
dollar_vol_20  -0.0008    1230       -0.2251             -0.0005           246            -0.0635

--- target = fwd_ret_5_mkt ---
      feature  mean_ic  n_days  t_stat_naive  mean_ic_nonoverlap  n_nonoverlap  t_stat_nonoverlap
     mom_12_1   0.0261     997        3.7121              0.0284           200             1.6949
       vol_20   0.0177    1229        2.5432              0.0215           246             1.4364
           wr  -0.0081    1236       -1.7863             -0.0148           248            -1.4130
        rev_5   0.0095    1244        1.9265              0.0108           249             1.0404
       ret_63  -0.0077    1186       -1.3236             -0.0107           238            -0.8056
      ret_126   0.0074    1123        1.1736              0.0090           225             0.6488
   dist_50dma  -0.0010    1200       -0.1787              0.0073           240             0.5690
    trend_200   0.0055    1050        0.8230              0.0087           210             0.5658
          rsi  -0.0024    1235       -0.4779              0.0059           247             0.5084
       ret_21  -0.0034    1228       -0.6493             -0.0052           246            -0.4599
   dist_20dma  -0.0089    1230       -1.7256             -0.0020           246            -0.1708
dollar_vol_20  -0.0008    1230       -0.2251             -0.0005           246            -0.0635

--- target = fwd_ret_20 ---
      feature  mean_ic  n_days  t_stat_naive  mean_ic_nonoverlap  n_nonoverlap  t_stat_nonoverlap
     mom_12_1   0.0289     982        4.8296              0.0321            50             1.0274
       vol_20   0.0265    1214        4.1765              0.0273            61             0.9988
          rsi   0.0072    1220        1.6071              0.0167            61             0.9392
dollar_vol_20  -0.0057    1215       -1.8910             -0.0112            61            -0.8162
       ret_63  -0.0139    1171       -2.6254             -0.0182            59            -0.7983
   dist_50dma   0.0034    1185        0.6673              0.0141            60             0.6372
           wr   0.0035    1221        0.8475             -0.0113            62            -0.6246
      ret_126   0.0074    1108        1.3435              0.0090            56             0.3854
    trend_200   0.0069    1035        1.1217              0.0102            52             0.3402
       ret_21   0.0072    1213        1.5302             -0.0018            61            -0.0768
   dist_20dma   0.0045    1215        0.9647              0.0007            61             0.0328
        rev_5   0.0024    1229        0.5215              0.0000            62             0.0019

--- target = fwd_ret_20_mkt ---
      feature  mean_ic  n_days  t_stat_naive  mean_ic_nonoverlap  n_nonoverlap  t_stat_nonoverlap
     mom_12_1   0.0289     982        4.8296              0.0321            50             1.0274
       vol_20   0.0265    1214        4.1765              0.0273            61             0.9988
          rsi   0.0072    1220        1.6071              0.0167            61             0.9392
dollar_vol_20  -0.0057    1215       -1.8910             -0.0112            61            -0.8162
       ret_63  -0.0139    1171       -2.6254             -0.0182            59            -0.7983
   dist_50dma   0.0034    1185        0.6673              0.0141            60             0.6372
           wr   0.0035    1221        0.8475             -0.0113            62            -0.6246
      ret_126   0.0074    1108        1.3435              0.0090            56             0.3854
    trend_200   0.0069    1035        1.1217              0.0102            52             0.3402
       ret_21   0.0072    1213        1.5302             -0.0018            61            -0.0768
   dist_20dma   0.0045    1215        0.9647              0.0007            61             0.0328
        rev_5   0.0024    1229        0.5215              0.0000            62             0.0019

====================================================================================================
CONDITIONAL IC — reversal features, split by market regime (market-adjusted targets only)
====================================================================================================

--- regime = market_vol_20d, target = fwd_ret_1_mkt ---
feature level  mean_ic  n_days  t_stat
  rev_5  high   0.0057     617  0.6459
  rev_5   low   0.0068     631  1.0010
    rsi  high  -0.0027     617 -0.3014
    rsi   low   0.0019     622  0.2699
     wr  high  -0.0039     617 -0.4832
     wr   low  -0.0017     623 -0.2651

--- regime = market_vol_20d, target = fwd_ret_20_mkt ---
feature level  mean_ic  n_days  t_stat
  rev_5  high   0.0047     609  0.6363
  rev_5   low   0.0001     620  0.0227
    rsi  high  -0.0060     609 -0.8596
    rsi   low   0.0204     611  3.6939
     wr  high  -0.0022     609 -0.3410
     wr   low   0.0091     612  1.7963

--- regime = market_vol_20d, target = fwd_ret_5_mkt ---
feature level  mean_ic  n_days  t_stat
  rev_5  high   0.0127     613  1.6417
  rev_5   low   0.0064     631  1.0359
    rsi  high  -0.0130     613 -1.6687
    rsi   low   0.0080     622  1.2724
     wr  high  -0.0136     613 -1.9338
     wr   low  -0.0027     623 -0.4657

--- regime = spy_above_200dma, target = fwd_ret_1_mkt ---
feature level  mean_ic  n_days  t_stat
  rev_5  high   0.0121     841  2.0030
  rev_5   low  -0.0058     407 -0.4981
    rsi  high  -0.0041     841 -0.6457
    rsi   low   0.0074     398  0.6331
     wr  high  -0.0075     841 -1.2936
     wr   low   0.0071     399  0.6849

--- regime = spy_above_200dma, target = fwd_ret_20_mkt ---
feature level  mean_ic  n_days  t_stat
  rev_5  high   0.0014     822  0.2593
  rev_5   low   0.0046     407  0.4957
    rsi  high   0.0134     822  2.6333
    rsi   low  -0.0056     398 -0.6288
     wr  high   0.0010     822  0.2070
     wr   low   0.0087     399  1.0626

--- regime = spy_above_200dma, target = fwd_ret_5_mkt ---
feature level  mean_ic  n_days  t_stat
  rev_5  high   0.0087     837  1.5185
  rev_5   low   0.0113     407  1.1848
    rsi  high  -0.0012     837 -0.2070
    rsi   low  -0.0049     398 -0.5030
     wr  high  -0.0098     837 -1.8677
     wr   low  -0.0045     399 -0.5153

Full results written to /Users/frpo/Desktop/Indicator Dashboard/research/output/ic_summary.csv and /Users/frpo/Desktop/Indicator Dashboard/research/output/ic_conditional.csv
